20:52:03 start p1 version=tinySA_v1.4-175-g1419a93
20:53:27 H_wide pass 1/3 28801 pts 83s rbw=32kHz
20:54:44 start p1 version=tinySA_v1.4-175-g1419a93
20:55:15 H_wide pass 1/4 10401 pts 30s rbw=32kHz
20:55:45 H_wide pass 2/4 10401 pts 30s rbw=32kHz
20:56:15 H_wide pass 3/4 10401 pts 30s rbw=32kHz
20:56:45 H_wide pass 4/4 10401 pts 30s rbw=32kHz
20:57:05 H_70cm pass 1/3 4801 pts 20s rbw=11kHz
20:57:25 H_70cm pass 2/3 4801 pts 20s rbw=11kHz
20:57:45 H_70cm pass 3/3 4801 pts 20s rbw=11kHz
20:57:58 H_uhf pass 1/3 3201 pts 13s rbw=11kHz
20:58:12 H_uhf pass 2/3 3201 pts 13s rbw=11kHz
20:58:25 H_uhf pass 3/3 3201 pts 13s rbw=11kHz
20:58:27 Lopen_vlf pass 1/2 401 pts 2s rbw=11kHz
20:58:29 Lopen_vlf pass 2/2 401 pts 2s rbw=11kHz
21:01:40 start p1 version=tinySA_v1.4-175-g1419a93
21:02:52 Lopen_wide: short chunk 286/290 at 333.600 MHz, retry
21:02:54 Lopen_wide: short chunk 286/290 at 333.600 MHz, retry
21:02:56 Lopen_wide: short chunk 289/290 at 333.600 MHz, retry
21:02:58 Lopen_wide: short chunk 286/290 at 333.600 MHz, retry
21:05:32 start p1 version=tinySA_v1.4-175-g1419a93
21:06:44 Lopen_wide: short chunk 288/290 at 333.600 MHz missing [340100000.0, 340125000.0]
21:06:48 Lopen_wide: short chunk 285/290 at 340.850 MHz missing [344650000.0, 344700000.0, 347050000.0, 347075000.0]
21:06:50 Lopen_wide: short chunk 289/290 at 340.850 MHz missing [344750000.0]
21:06:52 Lopen_wide: short chunk 286/290 at 340.850 MHz missing [344650000.0, 344700000.0, 346975000.0, 347100000.0]
21:06:54 Lopen_wide: short chunk 144/145 at 344.475 MHz missing [344725000.0]
21:06:55 Lopen_wide: short chunk 142/145 at 344.475 MHz missing [344725000.0, 347000000.0, 347075000.0]
21:06:56 Lopen_wide: short chunk 142/145 at 344.475 MHz missing [344650000.0, 344725000.0, 344750000.0]
21:06:57 Lopen_wide: short chunk 69/72 at 344.475 MHz missing [344700000.0, 344725000.0, 344750000.0]
21:06:58 Lopen_wide: short chunk 70/72 at 344.475 MHz missing [344650000.0, 344775000.0]
21:06:59 Lopen_wide: short chunk 70/72 at 344.475 MHz missing [344725000.0, 344775000.0]
21:07:00 Lopen_wide: short chunk 33/36 at 344.475 MHz missing [344700000.0, 344725000.0, 344750000.0]
21:07:01 Lopen_wide: short chunk 34/36 at 344.475 MHz missing [344700000.0, 344750000.0]
21:07:02 Lopen_wide: short chunk 35/36 at 344.475 MHz missing [344700000.0]
21:07:02 Lopen_wide: short chunk 15/18 at 344.475 MHz missing [344675000.0, 344750000.0, 344775000.0]
21:07:03 Lopen_wide: short chunk 15/18 at 344.475 MHz missing [344650000.0, 344675000.0, 344725000.0]
21:07:04 Lopen_wide: short chunk 15/18 at 344.475 MHz missing [344700000.0, 344725000.0, 344750000.0]
21:07:04 Lopen_wide: short chunk 7/9 at 344.475 MHz missing [344650000.0, 344675000.0]
21:07:05 Lopen_wide: short chunk 8/9 at 344.475 MHz missing [344675000.0]
21:07:05 Lopen_wide: short chunk 7/9 at 344.475 MHz missing [344650000.0, 344675000.0]
21:07:06 Lopen_wide: short chunk 4/5 at 344.575 MHz missing [344650000.0]
21:07:07 Lopen_wide: short chunk 4/5 at 344.575 MHz missing [344675000.0]
21:07:07 Lopen_wide: short chunk 4/5 at 344.575 MHz missing [344675000.0]
21:08:42 start p1 version=tinySA_v1.4-175-g1419a93
21:09:57 Lopen_wide: firmware omitted 3 pts near 337.725 MHz; filled from neighbours
21:10:00 Lopen_wide: firmware omitted 4 pts near 344.650 MHz; filled from neighbours
21:10:01 Lopen_wide pass 1/2 13997 pts 78s rbw=32kHz
21:11:15 Lopen_wide: firmware omitted 2 pts near 340.025 MHz; filled from neighbours
21:11:19 Lopen_wide: firmware omitted 5 pts near 342.425 MHz; filled from neighbours
21:11:19 Lopen_wide pass 2/2 13997 pts 78s rbw=32kHz
21:11:44 Lopen_hf pass 1/1 5981 pts 25s rbw=11kHz
21:11:48 Lopen_6m pass 1/1 801 pts 3s rbw=11kHz
21:12:15 Lopen_air pass 1/1 3482 pts 27s rbw=11kHz
21:12:18 Lopen_2m pass 1/1 801 pts 3s rbw=11kHz
21:12:51 Lopen_vhf pass 1/1 4161 pts 32s rbw=11kHz
21:12:56 Lopen_220 pass 1/1 1201 pts 5s rbw=11kHz
21:12:56 done p1
21:27:32 start p2 version=tinySA_v1.4-175-g1419a93
21:27:34 L_vlf pass 1/3 401 pts 2s rbw=11kHz
21:27:36 L_vlf pass 2/3 401 pts 2s rbw=11kHz
21:27:38 L_vlf pass 3/3 401 pts 2s rbw=11kHz
21:28:29 L_wide: firmware omitted 2 pts near 229.800 MHz; filled from neighbours
21:28:35 L_wide: firmware omitted 5 pts near 249.050 MHz; filled from neighbours
21:28:50 L_wide: firmware omitted 1 pts near 304.825 MHz; filled from neighbours
21:28:58 L_wide pass 1/4 13997 pts 80s rbw=32kHz
21:29:49 L_wide: firmware omitted 6 pts near 229.800 MHz; filled from neighbours
21:29:56 L_wide: firmware omitted 2 pts near 248.950 MHz; filled from neighbours
21:30:18 L_wide pass 2/4 13997 pts 80s rbw=32kHz
21:31:14 L_wide: firmware omitted 1 pts near 249.375 MHz; filled from neighbours
21:31:28 L_wide: firmware omitted 5 pts near 304.725 MHz; filled from neighbours
21:31:37 L_wide pass 3/4 13997 pts 78s rbw=32kHz
21:32:27 L_wide: firmware omitted 4 pts near 229.825 MHz; filled from neighbours
21:32:50 L_wide: firmware omitted 1 pts near 320.600 MHz; filled from neighbours
21:32:55 L_wide pass 4/4 13997 pts 78s rbw=32kHz
21:33:20 L_hf pass 1/3 5981 pts 25s rbw=11kHz
21:33:44 L_hf pass 2/3 5981 pts 25s rbw=11kHz
21:34:09 L_hf pass 3/3 5981 pts 24s rbw=11kHz
21:34:12 L_6m pass 1/4 801 pts 3s rbw=11kHz
21:34:16 L_6m pass 2/4 801 pts 3s rbw=11kHz
21:34:19 L_6m pass 3/4 801 pts 3s rbw=11kHz
21:34:22 L_6m pass 4/4 801 pts 3s rbw=11kHz
21:34:49 L_air pass 1/3 3482 pts 27s rbw=11kHz
21:35:16 L_air pass 2/3 3482 pts 27s rbw=11kHz
21:35:45 L_air pass 3/3 3482 pts 29s rbw=11kHz
21:35:49 L_2m pass 1/5 801 pts 3s rbw=11kHz
21:35:52 L_2m pass 2/5 801 pts 3s rbw=11kHz
21:35:56 L_2m pass 3/5 801 pts 3s rbw=11kHz
21:35:59 L_2m pass 4/5 801 pts 3s rbw=11kHz
21:36:03 L_2m pass 5/5 801 pts 3s rbw=11kHz
21:36:35 L_vhf pass 1/3 4161 pts 32s rbw=11kHz
21:37:07 L_vhf pass 2/3 4161 pts 32s rbw=11kHz
21:37:39 L_vhf pass 3/3 4161 pts 32s rbw=11kHz
21:37:45 L_220 pass 1/4 1201 pts 5s rbw=11kHz
21:37:50 L_220 pass 2/4 1201 pts 5s rbw=11kHz
21:37:55 L_220 pass 3/4 1201 pts 5s rbw=11kHz
21:38:00 L_220 pass 4/4 1201 pts 5s rbw=11kHz
21:38:30 Hopen_wide pass 1/2 10401 pts 30s rbw=32kHz
21:39:00 Hopen_wide pass 2/2 10401 pts 30s rbw=32kHz
21:39:34 Hopen_70cm pass 1/1 8001 pts 33s rbw=11kHz
21:39:34 done p2
21:45:43 start p3 version=tinySA_v1.4-175-g1419a93
21:45:46 E_vlf pass 1/3 401 pts 2s rbw=11kHz
21:45:47 E_vlf pass 2/3 401 pts 2s rbw=11kHz
21:45:49 E_vlf pass 3/3 401 pts 2s rbw=11kHz
21:46:14 E_hf pass 1/4 5981 pts 25s rbw=11kHz
21:46:39 E_hf pass 2/4 5981 pts 25s rbw=11kHz
21:47:03 E_hf pass 3/4 5981 pts 24s rbw=11kHz
21:47:28 E_hf pass 4/4 5981 pts 24s rbw=11kHz
21:47:52 E_hf_att10 pass 1/1 5981 pts 25s rbw=11kHz
21:52:49 E_hf3k pass 1/1 11281 pts 296s rbw=3kHz
21:53:14 E_lo pass 1/3 6001 pts 25s rbw=11kHz
21:53:39 E_lo pass 2/3 6001 pts 25s rbw=11kHz
21:54:04 E_lo pass 3/3 6001 pts 25s rbw=11kHz
21:55:22 E_wide: firmware omitted 2 pts near 344.650 MHz; filled from neighbours
21:55:22 E_wide pass 1/2 13997 pts 78s rbw=32kHz
21:56:36 E_wide: firmware omitted 3 pts near 337.800 MHz; filled from neighbours
21:56:40 E_wide: firmware omitted 2 pts near 344.750 MHz; filled from neighbours
21:56:40 E_wide pass 2/2 13997 pts 78s rbw=32kHz
21:56:40 done p3
22:39:42 start p4 version=tinySA_v1.4-175-g1419a93
22:43:09 start p4 version=tinySA_v1.4-175-g1419a93
22:43:43 S_wide: firmware omitted 3 pts near 137.475 MHz; filled from neighbours
22:43:48 S_wide: firmware omitted 20 pts near 137.900 MHz; filled from neighbours
22:44:07 S_wide: firmware omitted 8 pts near 210.875 MHz; filled from neighbours
22:44:41 S_wide: firmware omitted 3 pts near 335.475 MHz; filled from neighbours
22:44:47 S_wide: firmware omitted 1 pts near 344.725 MHz; filled from neighbours
22:44:47 S_wide pass 1/3 13997 pts 98s rbw=32kHz
22:45:20 S_wide: firmware omitted 3 pts near 136.375 MHz; filled from neighbours
22:45:26 S_wide: firmware omitted 20 pts near 137.875 MHz; filled from neighbours
22:45:45 S_wide: firmware omitted 4 pts near 210.825 MHz; filled from neighbours
22:46:15 S_wide: firmware omitted 5 pts near 335.450 MHz; filled from neighbours
22:46:21 S_wide: firmware omitted 3 pts near 344.725 MHz; filled from neighbours
22:46:21 S_wide pass 2/3 13997 pts 94s rbw=32kHz
22:46:54 S_wide: firmware omitted 9 pts near 137.075 MHz; filled from neighbours
22:46:59 S_wide: firmware omitted 25 pts near 137.925 MHz; filled from neighbours
22:48:07 S_wide: scan timed out at 181.350 MHz; resyncing (attempt 1)
22:55:19 start p4 version=tinySA_v1.4-175-g1419a93
22:55:52 S_wide: firmware omitted 3 pts near 137.225 MHz; filled from neighbours
22:55:58 S_wide: firmware omitted 15 pts near 138.075 MHz; filled from neighbours
22:56:17 S_wide: firmware omitted 5 pts near 210.925 MHz; filled from neighbours
22:56:47 S_wide: firmware omitted 4 pts near 340.000 MHz; filled from neighbours
22:56:53 S_wide: firmware omitted 2 pts near 344.650 MHz; filled from neighbours
22:56:53 S_wide pass 1/3 13997 pts 94s rbw=32kHz
22:57:26 S_wide: firmware omitted 6 pts near 136.850 MHz; filled from neighbours
22:57:31 S_wide: firmware omitted 22 pts near 137.900 MHz; filled from neighbours
22:57:51 S_wide: firmware omitted 7 pts near 210.775 MHz; filled from neighbours
22:58:21 S_wide: firmware omitted 1 pts near 340.125 MHz; filled from neighbours
22:58:26 S_wide: firmware omitted 2 pts near 344.700 MHz; filled from neighbours
22:58:27 S_wide pass 2/3 13997 pts 94s rbw=32kHz
22:59:00 S_wide: firmware omitted 4 pts near 136.875 MHz; filled from neighbours
22:59:05 S_wide: firmware omitted 17 pts near 138.150 MHz; filled from neighbours
22:59:24 S_wide: firmware omitted 5 pts near 210.775 MHz; filled from neighbours
22:59:56 S_wide: firmware omitted 4 pts near 340.000 MHz; filled from neighbours
23:00:02 S_wide: firmware omitted 2 pts near 344.700 MHz; filled from neighbours
23:00:03 S_wide pass 3/3 13997 pts 96s rbw=32kHz
23:00:06 S_6m pass 1/3 801 pts 3s rbw=11kHz
23:00:10 S_6m pass 2/3 801 pts 3s rbw=11kHz
23:00:13 S_6m pass 3/3 801 pts 3s rbw=11kHz
23:00:40 S_air pass 1/2 3482 pts 27s rbw=11kHz
23:01:07 S_air pass 2/2 3482 pts 27s rbw=11kHz
23:01:11 S_2m pass 1/5 801 pts 3s rbw=11kHz
23:01:16 S_2m pass 2/5 801 pts 5s rbw=11kHz
23:01:20 S_2m pass 3/5 801 pts 5s rbw=11kHz
23:01:24 S_2m pass 4/5 801 pts 3s rbw=11kHz
23:01:29 S_2m pass 5/5 801 pts 5s rbw=11kHz
23:02:01 S_vhf pass 1/3 4161 pts 32s rbw=11kHz
23:02:34 S_vhf pass 2/3 4161 pts 32s rbw=11kHz
23:03:06 S_vhf pass 3/3 4161 pts 32s rbw=11kHz
23:03:11 S_220 pass 1/3 1201 pts 5s rbw=11kHz
23:03:16 S_220 pass 2/3 1201 pts 5s rbw=11kHz
23:03:21 S_220 pass 3/3 1201 pts 5s rbw=11kHz
23:04:15 Hopen_hi pass 1/2 18401 pts 53s rbw=32kHz
23:05:20 Hopen_hi: scan timed out at 543.500 MHz; resyncing (attempt 1)
23:06:09 Hopen_hi pass 2/2 18401 pts 115s rbw=32kHz
23:06:18 Hopen_700 pass 1/1 1441 pts 8s rbw=11kHz
23:06:27 Hopen_800 pass 1/1 1521 pts 9s rbw=11kHz
23:06:33 Hopen_900 pass 1/1 1761 pts 5s rbw=32kHz
23:06:33 done p4
23:13:52 start p5 version=tinySA_v1.4-175-g1419a93
23:14:23 SH_wide pass 1/3 10401 pts 30s rbw=32kHz
23:14:53 SH_wide pass 2/3 10401 pts 30s rbw=32kHz
23:16:20 SH_wide: scan timed out at 472.000 MHz; resyncing (attempt 1)
23:16:24 SH_wide pass 3/3 10401 pts 91s rbw=32kHz
23:16:44 SH_70cm pass 1/3 4801 pts 20s rbw=11kHz
23:17:04 SH_70cm pass 2/3 4801 pts 20s rbw=11kHz
23:17:23 SH_70cm pass 3/3 4801 pts 20s rbw=11kHz
23:17:37 SH_uhf pass 1/3 3201 pts 13s rbw=11kHz
23:17:50 SH_uhf pass 2/3 3201 pts 13s rbw=11kHz
23:18:03 SH_uhf pass 3/3 3201 pts 13s rbw=11kHz
23:18:04 done p5
23:19:44 start p6 version=tinySA_v1.4-175-g1419a93
23:20:14 D_lo pass 1/3 7001 pts 29s rbw=11kHz
23:20:43 D_lo pass 2/3 7001 pts 29s rbw=11kHz
23:21:12 D_lo pass 3/3 7001 pts 29s rbw=11kHz
23:21:18 D_wide: firmware omitted 2 pts near 4.125 MHz; filled from neighbours
23:22:32 D_wide: firmware omitted 2 pts near 340.000 MHz; filled from neighbours
23:22:37 D_wide: firmware omitted 2 pts near 344.675 MHz; filled from neighbours
23:22:38 D_wide pass 1/3 13997 pts 86s rbw=32kHz
23:23:55 D_wide: firmware omitted 4 pts near 335.425 MHz; filled from neighbours
23:23:57 D_wide pass 2/3 13997 pts 80s rbw=32kHz
23:25:13 D_wide: firmware omitted 1 pts near 340.100 MHz; filled from neighbours
23:25:19 D_wide: firmware omitted 1 pts near 344.650 MHz; filled from neighbours
23:25:19 D_wide pass 3/3 13997 pts 82s rbw=32kHz
23:25:23 D_6m pass 1/3 801 pts 3s rbw=11kHz
23:25:27 D_6m pass 2/3 801 pts 3s rbw=11kHz
23:25:30 D_6m pass 3/3 801 pts 3s rbw=11kHz
23:25:57 D_air pass 1/2 3482 pts 27s rbw=11kHz
23:26:24 D_air pass 2/2 3482 pts 27s rbw=11kHz
23:26:27 D_2m pass 1/5 801 pts 3s rbw=11kHz
23:26:31 D_2m pass 2/5 801 pts 3s rbw=11kHz
23:26:34 D_2m pass 3/5 801 pts 3s rbw=11kHz
23:26:38 D_2m pass 4/5 801 pts 3s rbw=11kHz
23:26:41 D_2m pass 5/5 801 pts 3s rbw=11kHz
23:27:13 D_vhf pass 1/3 4161 pts 32s rbw=11kHz
23:27:45 D_vhf pass 2/3 4161 pts 32s rbw=11kHz
23:28:18 D_vhf pass 3/3 4161 pts 32s rbw=11kHz
23:28:23 D_220 pass 1/3 1201 pts 5s rbw=11kHz
23:28:28 D_220 pass 2/3 1201 pts 5s rbw=11kHz
23:28:33 D_220 pass 3/3 1201 pts 5s rbw=11kHz
23:28:37 D_6m_att10 pass 1/1 801 pts 3s rbw=11kHz
23:28:56 D_air_att10: firmware omitted 16 pts near 121.686 MHz; filled from neighbours
23:29:03 D_air_att10: firmware omitted 56 pts near 122.511 MHz; filled from neighbours
23:29:11 D_air_att10: firmware omitted 63 pts near 124.993 MHz; filled from neighbours
23:29:18 D_air_att10: firmware omitted 60 pts near 127.326 MHz; filled from neighbours
23:29:26 D_air_att10: firmware omitted 23 pts near 129.750 MHz; filled from neighbours
23:29:30 D_air_att10 pass 1/1 3482 pts 53s rbw=11kHz
23:29:35 D_2m_att10: firmware omitted 12 pts near 145.070 MHz; filled from neighbours
23:29:40 D_2m_att10: firmware omitted 29 pts near 145.525 MHz; filled from neighbours
23:29:43 D_2m_att10: firmware omitted 14 pts near 146.950 MHz; filled from neighbours
23:29:43 D_2m_att10 pass 1/1 801 pts 13s rbw=11kHz
23:30:16 D_vhf_att10 pass 1/1 4161 pts 32s rbw=11kHz
23:30:16 done p6
23:35:43 start p7 version=tinySA_v1.4-175-g1419a93
23:37:08 DH_wide pass 1/3 28801 pts 85s rbw=32kHz
23:38:32 DH_wide pass 2/3 28801 pts 85s rbw=32kHz
23:39:57 DH_wide pass 3/3 28801 pts 85s rbw=32kHz
23:40:17 DH_70cm pass 1/3 4801 pts 20s rbw=11kHz
23:40:37 DH_70cm pass 2/3 4801 pts 20s rbw=11kHz
23:40:57 DH_70cm pass 3/3 4801 pts 20s rbw=11kHz
23:41:10 DH_uhf pass 1/3 3201 pts 13s rbw=11kHz
23:41:24 DH_uhf pass 2/3 3201 pts 13s rbw=11kHz
23:41:37 DH_uhf pass 3/3 3201 pts 13s rbw=11kHz
23:41:46 DH_700 pass 1/3 1441 pts 9s rbw=11kHz
23:41:54 DH_700 pass 2/3 1441 pts 8s rbw=11kHz
23:42:03 DH_700 pass 3/3 1441 pts 8s rbw=11kHz
23:42:12 DH_800 pass 1/3 1521 pts 9s rbw=11kHz
23:42:21 DH_800 pass 2/3 1521 pts 9s rbw=11kHz
23:42:30 DH_800 pass 3/3 1521 pts 9s rbw=11kHz
23:42:35 DH_900 pass 1/10 1761 pts 5s rbw=32kHz
23:42:41 DH_900 pass 2/10 1761 pts 5s rbw=32kHz
23:42:46 DH_900 pass 3/10 1761 pts 5s rbw=32kHz
23:42:51 DH_900 pass 4/10 1761 pts 5s rbw=32kHz
23:42:56 DH_900 pass 5/10 1761 pts 5s rbw=32kHz
23:43:01 DH_900 pass 6/10 1761 pts 5s rbw=32kHz
23:43:06 DH_900 pass 7/10 1761 pts 5s rbw=32kHz
23:43:12 DH_900 pass 8/10 1761 pts 5s rbw=32kHz
23:43:17 DH_900 pass 9/10 1761 pts 5s rbw=32kHz
23:43:22 DH_900 pass 10/10 1761 pts 5s rbw=32kHz
23:44:46 DH_wide_att10 pass 1/1 28801 pts 83s rbw=32kHz
23:44:46 done p7
